// Jest Snapshot v1, https://goo.gl/fbAQLP

exports[`BasicListItemComponent should render BasicListItemComponent 1`] = `
<div
  className="basic-list-item"
>
  <p>
    title
  </p>
  <p>
    item
  </p>
</div>
`;
