// Jest Snapshot v1, https://goo.gl/fbAQLP

exports[`ButtonComponent should render ButtonComponent 1`] = `
<button
  className="btn btn-primary"
  onClick={[MockFunction]}
  type="button"
>
  Roll
</button>
`;
