// Jest Snapshot v1, https://goo.gl/fbAQLP

exports[`ContainerComponent should render ContainerComponent 1`] = `
<div
  className="wrapper"
>
  Hello World
</div>
`;
