// Jest Snapshot v1, https://goo.gl/fbAQLP

exports[`DetailsPage should render DetailsPage 1`] = `
<div
  className="wrapper"
>
  <div>
    Loading
  </div>
</div>
`;
